// Jest Snapshot v1, https://goo.gl/fbAQLP

exports[`Test app loads and displays greeting 1`] = `
<input
  class=""
  name="email"
  placeholder="Enter your email"
  type="email"
/>
`;

exports[`loads and displays greeting 1`] = `Promise {}`;
